[techbtt.site/index.html]
[backblue.gif]
[fade.gif]
[index.html]
[techbtt.site/img/logo.png]
[techbtt.site/img/tron.svg]
[techbtt.site/css/fontawesome/css/all.css]
[techbtt.site/css/styleb03e.css]
[techbtt.site/css/animation.css]
[techbtt.site/css/adaptiveb03e.css]
[techbtt.site/js/jquery-3.3.1.min.js]
[gtranslate.net/flags/24.png]
[gtranslate.net/flags/24a.png]
[techbtt.site/img/flags/ara2.svg]
[static.cloudflareinsights.com/beacon.min.js]
[techbtt.site/img/flags/chi2.svg]
[techbtt.site/img/flags/eng2.svg]
[techbtt.site/img/flags/fra2.png]
[techbtt.site/img/flags/ger.png]
[techbtt.site/img/flags/kor2.svg]
[techbtt.site/img/flags/por.png]
[techbtt.site/img/flags/rus2.svg]
[techbtt.site/img/flags/spa.png]
[techbtt.site/img/flags/tha.png]
[techbtt.site/img/flags/trk2.svg]
[techbtt.site/img/flags/vin2.svg]
[techbtt.site/img/flags/eng.svg]
[techbtt.site/img/flags/esp2.svg]
[techbtt.site/img/logo2d4c.png]
[techbtt.site/img/tron_full.svg]
[techbtt.site/img/trx.svg]
[techbtt.site/img/ico1.png]
[techbtt.site/calculation]
[techbtt.site/img/icostep2.png]
[techbtt.site/img/icostep3.png]
[techbtt.site/img/icostep5.png]
[techbtt.site/img/logo3860.png]
[techbtt.site/js/classie.js]
[techbtt.site/js/cbpAnimatedHeader.min.js]
[techbtt.site/js/parallax.js]
[techbtt.site/js/remodal.min.js]
[techbtt.site/js/ScrollTrigger.min.js]
[techbtt.site/js/easing.js]
[techbtt.site/js/jquery.ui.totop.min.js]
[techbtt.site/js/clipboard.min.js]
[techbtt.site/js/site.min9e12.js]
[techbtt.site/js/walimit9e12.js]
[translate.google.com/translate_a/element.2b7876.delayed]
[techbtt.site/index.html]
[techbtt.site/img/tron.svg]
[ajax.cloudflare.com/cdn-cgi/scripts/7089c43e/cloudflare-static/rocket-loader.min.js]
[techbtt.site/css/fontawesome/webfonts/fa-brands-400.eot]
[techbtt.site/css/fontawesome/webfonts/fa-brands-400d41dd41d.eot]
[techbtt.site/css/fontawesome/webfonts/fa-brands-400.html]
[techbtt.site/css/fontawesome/webfonts/fa-brands-400.woff]
[techbtt.site/css/fontawesome/webfonts/fa-brands-400.ttf]
[techbtt.site/css/fontawesome/webfonts/fa-brands-400.svg]
[techbtt.site/css/fontawesome/webfonts/fa-duotone-900.eot]
[techbtt.site/css/fontawesome/webfonts/fa-duotone-900d41dd41d.eot]
[techbtt.site/css/fontawesome/webfonts/fa-duotone-900.html]
[techbtt.site/css/fontawesome/webfonts/fa-duotone-900.woff]
[techbtt.site/css/fontawesome/webfonts/fa-duotone-900.ttf]
[techbtt.site/css/fontawesome/webfonts/fa-duotone-900.svg]
[techbtt.site/css/fontawesome/webfonts/fa-light-300.eot]
[techbtt.site/css/fontawesome/webfonts/fa-light-300d41dd41d.eot]
[techbtt.site/css/fontawesome/webfonts/fa-light-300.html]
[techbtt.site/css/fontawesome/webfonts/fa-light-300.woff]
[techbtt.site/css/fontawesome/webfonts/fa-light-300.ttf]
[techbtt.site/css/fontawesome/webfonts/fa-light-300.svg]
[techbtt.site/css/fontawesome/webfonts/fa-regular-400.eot]
[techbtt.site/css/fontawesome/webfonts/fa-regular-400d41dd41d.eot]
[techbtt.site/css/fontawesome/webfonts/fa-regular-400.html]
[techbtt.site/css/fontawesome/webfonts/fa-regular-400.woff]
[techbtt.site/css/fontawesome/webfonts/fa-regular-400.ttf]
[techbtt.site/css/fontawesome/webfonts/fa-regular-400.svg]
[techbtt.site/css/fontawesome/webfonts/fa-solid-900.eot]
[techbtt.site/css/fontawesome/webfonts/fa-solid-900d41dd41d.eot]
[techbtt.site/css/fontawesome/webfonts/fa-solid-900.html]
[techbtt.site/css/fontawesome/webfonts/fa-solid-900.woff]
[techbtt.site/css/fontawesome/webfonts/fa-solid-900.ttf]
[techbtt.site/css/fontawesome/css/all.css]
[techbtt.site/img/newImg.png]
[techbtt.site/css/fontawesome/webfonts/fa-solid-900.svg]
[techbtt.site/img/dash.png]
[techbtt.site/img/macback7b307b30.png]
[techbtt.site/img/dash2.png]
[techbtt.site/img/teamback.jpg]
[techbtt.site/img/ui.totop.png]
[techbtt.site/img/limitback.jpg]
[techbtt.site/css/styleb03e.css]
[techbtt.site/css/animation.css]
[techbtt.site/img/macback.png]
[techbtt.site/css/adaptiveb03e.css]
[techbtt.site/js/jquery-3.3.1.min.js]
[techbtt.site/img/flags/ara2.svg]
[techbtt.site/img/flags/chi2.svg]
[techbtt.site/img/flags/eng2.svg]
[techbtt.site/img/flags/kor2.svg]
[techbtt.site/img/flags/rus2.svg]
[techbtt.site/img/flags/trk2.svg]
[techbtt.site/img/flags/vin2.svg]
[techbtt.site/img/flags/eng.svg]
[techbtt.site/img/flags/esp2.svg]
[techbtt.site/img/tron_full.svg]
[techbtt.site/img/trx.svg]
[techbtt.site/calculation.html]
[techbtt.site/js/classie.js]
[techbtt.site/js/cbpAnimatedHeader.min.js]
[techbtt.site/js/parallax.js]
[techbtt.site/js/remodal.min.js]
[techbtt.site/js/ScrollTrigger.min.js]
[techbtt.site/js/easing.js]
[techbtt.site/js/jquery.ui.totop.min.js]
[techbtt.site/js/clipboard.min.js]
[techbtt.site/js/site.min9e12.js]
[techbtt.site/js/walimit9e12.js]
[translate.google.com/translate_a/element7876.html]
[techbtt.site/css/fontawesome/webfonts/fa-brands-400.html]
[techbtt.site/css/fontawesome/webfonts/fa-brands-400.svg]
[techbtt.site/css/fontawesome/webfonts/fa-duotone-900.html]
[techbtt.site/css/fontawesome/webfonts/fa-duotone-900.svg]
[techbtt.site/css/fontawesome/webfonts/fa-light-300.html]
[techbtt.site/css/fontawesome/webfonts/fa-light-300.svg]
[techbtt.site/css/fontawesome/webfonts/fa-regular-400.html]
[techbtt.site/css/fontawesome/webfonts/fa-regular-400.svg]
[techbtt.site/css/fontawesome/webfonts/fa-solid-900.html]
[techbtt.site/css/fontawesome/webfonts/fa-solid-900.svg]
[techbtt.site/img/newImg.html]
